{
  "exclude": {
    "files": "\\.pre-commit-config\\.yaml|.*/build/.*|.*/test/.*|.*/androidTest/.*",
    "lines": null
  },
  "generated_at": "2020-03-12T11:40:37Z",
  "plugins_used": [
    {
      "base64_limit": 4.5,
      "name": "Base64HighEntropyString"
    },
    {
      "hex_limit": 3,
      "name": "HexHighEntropyString"
    },
    {
      "name": "PrivateKeyDetector"
    }
  ],
  "results": {},
  "version": "0.13.0",
  "word_list": {
    "file": null,
    "hash": null
  }
}
